dwm build options:
CFLAGS   = -std=c99 -pedantic -Wall -Wno-deprecated-declarations -O2 -I/usr/include/X11 -I/usr/include/freetype2 -D_DEFAULT_SOURCE -D_BSD_SOURCE -D_POSIX_C_SOURCE=2 -DVERSION="6.2-bspdwm" -DXINERAMA
LDFLAGS  = -L/usr/lib/X11 -lX11 -lXinerama -lfontconfig -lXft
CC       = cc
cc -c -std=c99 -pedantic -Wall -Wno-deprecated-declarations -O2 -I/usr/include/X11 -I/usr/include/freetype2 -D_DEFAULT_SOURCE -D_BSD_SOURCE -D_POSIX_C_SOURCE=2 -DVERSION=\"6.2-bspdwm\" -DXINERAMA drw.c
cc -c -std=c99 -pedantic -Wall -Wno-deprecated-declarations -O2 -I/usr/include/X11 -I/usr/include/freetype2 -D_DEFAULT_SOURCE -D_BSD_SOURCE -D_POSIX_C_SOURCE=2 -DVERSION=\"6.2-bspdwm\" -DXINERAMA dwm.c
cc -c -std=c99 -pedantic -Wall -Wno-deprecated-declarations -O2 -I/usr/include/X11 -I/usr/include/freetype2 -D_DEFAULT_SOURCE -D_BSD_SOURCE -D_POSIX_C_SOURCE=2 -DVERSION=\"6.2-bspdwm\" -DXINERAMA util.c
cc -o dwm drw.o dwm.o util.o -L/usr/lib/X11 -lX11 -lXinerama -lfontconfig -lXft
